The system is: Linux - 3.10.0-1160.95.1.el7.x86_64 - x86_64
Compiling the C compiler identification source file "CMakeCCompilerId.c" succeeded.
Compiler: /home/hadoop/zzy/local/gcc-11.5.0/bin/gcc 
Build flags: 
Id flags:  

The output was:
0


Compilation of the C compiler identification source "CMakeCCompilerId.c" produced "a.out"

The C compiler identification is GNU, found in "/home/hadoop/zzy/ec_prototype-master/project/build/CMakeFiles/3.24.0/CompilerIdC/a.out"

Compiling the CXX compiler identification source file "CMakeCXXCompilerId.cpp" succeeded.
Compiler: /home/hadoop/zzy/local/gcc-11.5.0/bin/g++ 
Build flags: 
Id flags:  

The output was:
0


Compilation of the CXX compiler identification source "CMakeCXXCompilerId.cpp" produced "a.out"

The CXX compiler identification is GNU, found in "/home/hadoop/zzy/ec_prototype-master/project/build/CMakeFiles/3.24.0/CompilerIdCXX/a.out"

Detecting C compiler ABI info compiled with the following output:
Change Dir: /home/hadoop/zzy/ec_prototype-master/project/build/CMakeFiles/CMakeTmp

Run Build Command(s):/usr/bin/gmake -f Makefile cmTC_a0c21/fast && /usr/bin/gmake  -f CMakeFiles/cmTC_a0c21.dir/build.make CMakeFiles/cmTC_a0c21.dir/build
gmake[1]: Entering directory `/home/hadoop/zzy/ec_prototype-master/project/build/CMakeFiles/CMakeTmp'
Building C object CMakeFiles/cmTC_a0c21.dir/CMakeCCompilerABI.c.o
/home/hadoop/zzy/local/gcc-11.5.0/bin/gcc   -v -o CMakeFiles/cmTC_a0c21.dir/CMakeCCompilerABI.c.o -c /usr/local/share/cmake-3.24/Modules/CMakeCCompilerABI.c
Using built-in specs.
COLLECT_GCC=/home/hadoop/zzy/local/gcc-11.5.0/bin/gcc
Target: x86_64-pc-linux-gnu
Configured with: ./configure --prefix=/home/hadoop/zzy/local/gcc-11.5.0 --disable-multilib --enable-checking=release
Thread model: posix
Supported LTO compression algorithms: zlib
gcc version 11.5.0 (GCC) 
COLLECT_GCC_OPTIONS='-v' '-o' 'CMakeFiles/cmTC_a0c21.dir/CMakeCCompilerABI.c.o' '-c' '-mtune=generic' '-march=x86-64' '-dumpdir' 'CMakeFiles/cmTC_a0c21.dir/'
 /home/hadoop/zzy/local/gcc-11.5.0/libexec/gcc/x86_64-pc-linux-gnu/11.5.0/cc1 -quiet -v /usr/local/share/cmake-3.24/Modules/CMakeCCompilerABI.c -quiet -dumpdir CMakeFiles/cmTC_a0c21.dir/ -dumpbase CMakeCCompilerABI.c.c -dumpbase-ext .c -mtune=generic -march=x86-64 -version -o /tmp/ccUJ1AkB.s
GNU C17 (GCC) version 11.5.0 (x86_64-pc-linux-gnu)
	compiled by GNU C version 11.5.0, GMP version 6.1.0, MPFR version 3.1.6, MPC version 1.0.3, isl version isl-0.18-GMP

GGC heuristics: --param ggc-min-expand=100 --param ggc-min-heapsize=131072
ignoring nonexistent directory "/home/hadoop/zzy/local/gcc-11.5.0/lib/gcc/x86_64-pc-linux-gnu/11.5.0/../../../../x86_64-pc-linux-gnu/include"
#include "..." search starts here:
#include <...> search starts here:
 /home/hadoop/zzy/local/gcc-11.5.0/lib/gcc/x86_64-pc-linux-gnu/11.5.0/include
 /usr/local/include
 /home/hadoop/zzy/local/gcc-11.5.0/include
 /home/hadoop/zzy/local/gcc-11.5.0/lib/gcc/x86_64-pc-linux-gnu/11.5.0/include-fixed
 /usr/include
End of search list.
GNU C17 (GCC) version 11.5.0 (x86_64-pc-linux-gnu)
	compiled by GNU C version 11.5.0, GMP version 6.1.0, MPFR version 3.1.6, MPC version 1.0.3, isl version isl-0.18-GMP

GGC heuristics: --param ggc-min-expand=100 --param ggc-min-heapsize=131072
Compiler executable checksum: 94833b5c141927d1a086a3eab5a6d5b3
COLLECT_GCC_OPTIONS='-v' '-o' 'CMakeFiles/cmTC_a0c21.dir/CMakeCCompilerABI.c.o' '-c' '-mtune=generic' '-march=x86-64' '-dumpdir' 'CMakeFiles/cmTC_a0c21.dir/'
 as -v --64 -o CMakeFiles/cmTC_a0c21.dir/CMakeCCompilerABI.c.o /tmp/ccUJ1AkB.s
GNU assembler version 2.27 (x86_64-redhat-linux) using BFD version version 2.27-44.base.el7_9.1
COMPILER_PATH=/home/hadoop/zzy/local/gcc-11.5.0/libexec/gcc/x86_64-pc-linux-gnu/11.5.0/:/home/hadoop/zzy/local/gcc-11.5.0/libexec/gcc/x86_64-pc-linux-gnu/11.5.0/:/home/hadoop/zzy/local/gcc-11.5.0/libexec/gcc/x86_64-pc-linux-gnu/:/home/hadoop/zzy/local/gcc-11.5.0/lib/gcc/x86_64-pc-linux-gnu/11.5.0/:/home/hadoop/zzy/local/gcc-11.5.0/lib/gcc/x86_64-pc-linux-gnu/
LIBRARY_PATH=/home/hadoop/zzy/local/gcc-11.5.0/lib/../lib64/:/home/hadoop/zzy/local/gcc-11.5.0/lib/gcc/x86_64-pc-linux-gnu/11.5.0/:/home/hadoop/zzy/local/gcc-11.5.0/lib/gcc/x86_64-pc-linux-gnu/11.5.0/../../../../lib64/:/lib/../lib64/:/usr/lib/../lib64/:/home/hadoop/zzy/local/gcc-11.5.0/lib/:./:/home/hadoop/zzy/local/gcc-11.5.0/lib/gcc/x86_64-pc-linux-gnu/11.5.0/../../../:/lib/:/usr/lib/
COLLECT_GCC_OPTIONS='-v' '-o' 'CMakeFiles/cmTC_a0c21.dir/CMakeCCompilerABI.c.o' '-c' '-mtune=generic' '-march=x86-64' '-dumpdir' 'CMakeFiles/cmTC_a0c21.dir/CMakeCCompilerABI.c.'
Linking C executable cmTC_a0c21
/usr/local/bin/cmake -E cmake_link_script CMakeFiles/cmTC_a0c21.dir/link.txt --verbose=1
/home/hadoop/zzy/local/gcc-11.5.0/bin/gcc  -v CMakeFiles/cmTC_a0c21.dir/CMakeCCompilerABI.c.o -o cmTC_a0c21 
Using built-in specs.
COLLECT_GCC=/home/hadoop/zzy/local/gcc-11.5.0/bin/gcc
COLLECT_LTO_WRAPPER=/home/hadoop/zzy/local/gcc-11.5.0/libexec/gcc/x86_64-pc-linux-gnu/11.5.0/lto-wrapper
Target: x86_64-pc-linux-gnu
Configured with: ./configure --prefix=/home/hadoop/zzy/local/gcc-11.5.0 --disable-multilib --enable-checking=release
Thread model: posix
Supported LTO compression algorithms: zlib
gcc version 11.5.0 (GCC) 
COMPILER_PATH=/home/hadoop/zzy/local/gcc-11.5.0/libexec/gcc/x86_64-pc-linux-gnu/11.5.0/:/home/hadoop/zzy/local/gcc-11.5.0/libexec/gcc/x86_64-pc-linux-gnu/11.5.0/:/home/hadoop/zzy/local/gcc-11.5.0/libexec/gcc/x86_64-pc-linux-gnu/:/home/hadoop/zzy/local/gcc-11.5.0/lib/gcc/x86_64-pc-linux-gnu/11.5.0/:/home/hadoop/zzy/local/gcc-11.5.0/lib/gcc/x86_64-pc-linux-gnu/
LIBRARY_PATH=/home/hadoop/zzy/local/gcc-11.5.0/lib/../lib64/:/home/hadoop/zzy/local/gcc-11.5.0/lib/gcc/x86_64-pc-linux-gnu/11.5.0/:/home/hadoop/zzy/local/gcc-11.5.0/lib/gcc/x86_64-pc-linux-gnu/11.5.0/../../../../lib64/:/lib/../lib64/:/usr/lib/../lib64/:/home/hadoop/zzy/local/gcc-11.5.0/lib/:./:/home/hadoop/zzy/local/gcc-11.5.0/lib/gcc/x86_64-pc-linux-gnu/11.5.0/../../../:/lib/:/usr/lib/
COLLECT_GCC_OPTIONS='-v' '-o' 'cmTC_a0c21' '-mtune=generic' '-march=x86-64' '-dumpdir' 'cmTC_a0c21.'
 /home/hadoop/zzy/local/gcc-11.5.0/libexec/gcc/x86_64-pc-linux-gnu/11.5.0/collect2 -plugin /home/hadoop/zzy/local/gcc-11.5.0/libexec/gcc/x86_64-pc-linux-gnu/11.5.0/liblto_plugin.so -plugin-opt=/home/hadoop/zzy/local/gcc-11.5.0/libexec/gcc/x86_64-pc-linux-gnu/11.5.0/lto-wrapper -plugin-opt=-fresolution=/tmp/ccZtOERD.res -plugin-opt=-pass-through=-lgcc -plugin-opt=-pass-through=-lgcc_s -plugin-opt=-pass-through=-lc -plugin-opt=-pass-through=-lgcc -plugin-opt=-pass-through=-lgcc_s --eh-frame-hdr -m elf_x86_64 -dynamic-linker /lib64/ld-linux-x86-64.so.2 -o cmTC_a0c21 /lib/../lib64/crt1.o /lib/../lib64/crti.o /home/hadoop/zzy/local/gcc-11.5.0/lib/gcc/x86_64-pc-linux-gnu/11.5.0/crtbegin.o -L/home/hadoop/zzy/local/gcc-11.5.0/lib/../lib64 -L/home/hadoop/zzy/local/gcc-11.5.0/lib/gcc/x86_64-pc-linux-gnu/11.5.0 -L/home/hadoop/zzy/local/gcc-11.5.0/lib/gcc/x86_64-pc-linux-gnu/11.5.0/../../../../lib64 -L/lib/../lib64 -L/usr/lib/../lib64 -L/home/hadoop/zzy/local/gcc-11.5.0/lib -L. -L/home/hadoop/zzy/local/gcc-11.5.0/lib/gcc/x86_64-pc-linux-gnu/11.5.0/../../.. CMakeFiles/cmTC_a0c21.dir/CMakeCCompilerABI.c.o -lgcc --as-needed -lgcc_s --no-as-needed -lc -lgcc --as-needed -lgcc_s --no-as-needed /home/hadoop/zzy/local/gcc-11.5.0/lib/gcc/x86_64-pc-linux-gnu/11.5.0/crtend.o /lib/../lib64/crtn.o
COLLECT_GCC_OPTIONS='-v' '-o' 'cmTC_a0c21' '-mtune=generic' '-march=x86-64' '-dumpdir' 'cmTC_a0c21.'
gmake[1]: Leaving directory `/home/hadoop/zzy/ec_prototype-master/project/build/CMakeFiles/CMakeTmp'



Parsed C implicit include dir info from above output: rv=done
  found start of include info
  found start of implicit include info
    add: [/home/hadoop/zzy/local/gcc-11.5.0/lib/gcc/x86_64-pc-linux-gnu/11.5.0/include]
    add: [/usr/local/include]
    add: [/home/hadoop/zzy/local/gcc-11.5.0/include]
    add: [/home/hadoop/zzy/local/gcc-11.5.0/lib/gcc/x86_64-pc-linux-gnu/11.5.0/include-fixed]
    add: [/usr/include]
  end of search list found
  collapse include dir [/home/hadoop/zzy/local/gcc-11.5.0/lib/gcc/x86_64-pc-linux-gnu/11.5.0/include] ==> [/home/hadoop/zzy/local/gcc-11.5.0/lib/gcc/x86_64-pc-linux-gnu/11.5.0/include]
  collapse include dir [/usr/local/include] ==> [/usr/local/include]
  collapse include dir [/home/hadoop/zzy/local/gcc-11.5.0/include] ==> [/home/hadoop/zzy/local/gcc-11.5.0/include]
  collapse include dir [/home/hadoop/zzy/local/gcc-11.5.0/lib/gcc/x86_64-pc-linux-gnu/11.5.0/include-fixed] ==> [/home/hadoop/zzy/local/gcc-11.5.0/lib/gcc/x86_64-pc-linux-gnu/11.5.0/include-fixed]
  collapse include dir [/usr/include] ==> [/usr/include]
  implicit include dirs: [/home/hadoop/zzy/local/gcc-11.5.0/lib/gcc/x86_64-pc-linux-gnu/11.5.0/include;/usr/local/include;/home/hadoop/zzy/local/gcc-11.5.0/include;/home/hadoop/zzy/local/gcc-11.5.0/lib/gcc/x86_64-pc-linux-gnu/11.5.0/include-fixed;/usr/include]


Parsed C implicit link information from above output:
  link line regex: [^( *|.*[/\])(ld|CMAKE_LINK_STARTFILE-NOTFOUND|([^/\]+-)?ld|collect2)[^/\]*( |$)]
  ignore line: [Change Dir: /home/hadoop/zzy/ec_prototype-master/project/build/CMakeFiles/CMakeTmp]
  ignore line: []
  ignore line: [Run Build Command(s):/usr/bin/gmake -f Makefile cmTC_a0c21/fast && /usr/bin/gmake  -f CMakeFiles/cmTC_a0c21.dir/build.make CMakeFiles/cmTC_a0c21.dir/build]
  ignore line: [gmake[1]: Entering directory `/home/hadoop/zzy/ec_prototype-master/project/build/CMakeFiles/CMakeTmp']
  ignore line: [Building C object CMakeFiles/cmTC_a0c21.dir/CMakeCCompilerABI.c.o]
  ignore line: [/home/hadoop/zzy/local/gcc-11.5.0/bin/gcc   -v -o CMakeFiles/cmTC_a0c21.dir/CMakeCCompilerABI.c.o -c /usr/local/share/cmake-3.24/Modules/CMakeCCompilerABI.c]
  ignore line: [Using built-in specs.]
  ignore line: [COLLECT_GCC=/home/hadoop/zzy/local/gcc-11.5.0/bin/gcc]
  ignore line: [Target: x86_64-pc-linux-gnu]
  ignore line: [Configured with: ./configure --prefix=/home/hadoop/zzy/local/gcc-11.5.0 --disable-multilib --enable-checking=release]
  ignore line: [Thread model: posix]
  ignore line: [Supported LTO compression algorithms: zlib]
  ignore line: [gcc version 11.5.0 (GCC) ]
  ignore line: [COLLECT_GCC_OPTIONS='-v' '-o' 'CMakeFiles/cmTC_a0c21.dir/CMakeCCompilerABI.c.o' '-c' '-mtune=generic' '-march=x86-64' '-dumpdir' 'CMakeFiles/cmTC_a0c21.dir/']
  ignore line: [ /home/hadoop/zzy/local/gcc-11.5.0/libexec/gcc/x86_64-pc-linux-gnu/11.5.0/cc1 -quiet -v /usr/local/share/cmake-3.24/Modules/CMakeCCompilerABI.c -quiet -dumpdir CMakeFiles/cmTC_a0c21.dir/ -dumpbase CMakeCCompilerABI.c.c -dumpbase-ext .c -mtune=generic -march=x86-64 -version -o /tmp/ccUJ1AkB.s]
  ignore line: [GNU C17 (GCC) version 11.5.0 (x86_64-pc-linux-gnu)]
  ignore line: [	compiled by GNU C version 11.5.0  GMP version 6.1.0  MPFR version 3.1.6  MPC version 1.0.3  isl version isl-0.18-GMP]
  ignore line: []
  ignore line: [GGC heuristics: --param ggc-min-expand=100 --param ggc-min-heapsize=131072]
  ignore line: [ignoring nonexistent directory "/home/hadoop/zzy/local/gcc-11.5.0/lib/gcc/x86_64-pc-linux-gnu/11.5.0/../../../../x86_64-pc-linux-gnu/include"]
  ignore line: [#include "..." search starts here:]
  ignore line: [#include <...> search starts here:]
  ignore line: [ /home/hadoop/zzy/local/gcc-11.5.0/lib/gcc/x86_64-pc-linux-gnu/11.5.0/include]
  ignore line: [ /usr/local/include]
  ignore line: [ /home/hadoop/zzy/local/gcc-11.5.0/include]
  ignore line: [ /home/hadoop/zzy/local/gcc-11.5.0/lib/gcc/x86_64-pc-linux-gnu/11.5.0/include-fixed]
  ignore line: [ /usr/include]
  ignore line: [End of search list.]
  ignore line: [GNU C17 (GCC) version 11.5.0 (x86_64-pc-linux-gnu)]
  ignore line: [	compiled by GNU C version 11.5.0  GMP version 6.1.0  MPFR version 3.1.6  MPC version 1.0.3  isl version isl-0.18-GMP]
  ignore line: []
  ignore line: [GGC heuristics: --param ggc-min-expand=100 --param ggc-min-heapsize=131072]
  ignore line: [Compiler executable checksum: 94833b5c141927d1a086a3eab5a6d5b3]
  ignore line: [COLLECT_GCC_OPTIONS='-v' '-o' 'CMakeFiles/cmTC_a0c21.dir/CMakeCCompilerABI.c.o' '-c' '-mtune=generic' '-march=x86-64' '-dumpdir' 'CMakeFiles/cmTC_a0c21.dir/']
  ignore line: [ as -v --64 -o CMakeFiles/cmTC_a0c21.dir/CMakeCCompilerABI.c.o /tmp/ccUJ1AkB.s]
  ignore line: [GNU assembler version 2.27 (x86_64-redhat-linux) using BFD version version 2.27-44.base.el7_9.1]
  ignore line: [COMPILER_PATH=/home/hadoop/zzy/local/gcc-11.5.0/libexec/gcc/x86_64-pc-linux-gnu/11.5.0/:/home/hadoop/zzy/local/gcc-11.5.0/libexec/gcc/x86_64-pc-linux-gnu/11.5.0/:/home/hadoop/zzy/local/gcc-11.5.0/libexec/gcc/x86_64-pc-linux-gnu/:/home/hadoop/zzy/local/gcc-11.5.0/lib/gcc/x86_64-pc-linux-gnu/11.5.0/:/home/hadoop/zzy/local/gcc-11.5.0/lib/gcc/x86_64-pc-linux-gnu/]
  ignore line: [LIBRARY_PATH=/home/hadoop/zzy/local/gcc-11.5.0/lib/../lib64/:/home/hadoop/zzy/local/gcc-11.5.0/lib/gcc/x86_64-pc-linux-gnu/11.5.0/:/home/hadoop/zzy/local/gcc-11.5.0/lib/gcc/x86_64-pc-linux-gnu/11.5.0/../../../../lib64/:/lib/../lib64/:/usr/lib/../lib64/:/home/hadoop/zzy/local/gcc-11.5.0/lib/:./:/home/hadoop/zzy/local/gcc-11.5.0/lib/gcc/x86_64-pc-linux-gnu/11.5.0/../../../:/lib/:/usr/lib/]
  ignore line: [COLLECT_GCC_OPTIONS='-v' '-o' 'CMakeFiles/cmTC_a0c21.dir/CMakeCCompilerABI.c.o' '-c' '-mtune=generic' '-march=x86-64' '-dumpdir' 'CMakeFiles/cmTC_a0c21.dir/CMakeCCompilerABI.c.']
  ignore line: [Linking C executable cmTC_a0c21]
  ignore line: [/usr/local/bin/cmake -E cmake_link_script CMakeFiles/cmTC_a0c21.dir/link.txt --verbose=1]
  ignore line: [/home/hadoop/zzy/local/gcc-11.5.0/bin/gcc  -v CMakeFiles/cmTC_a0c21.dir/CMakeCCompilerABI.c.o -o cmTC_a0c21 ]
  ignore line: [Using built-in specs.]
  ignore line: [COLLECT_GCC=/home/hadoop/zzy/local/gcc-11.5.0/bin/gcc]
  ignore line: [COLLECT_LTO_WRAPPER=/home/hadoop/zzy/local/gcc-11.5.0/libexec/gcc/x86_64-pc-linux-gnu/11.5.0/lto-wrapper]
  ignore line: [Target: x86_64-pc-linux-gnu]
  ignore line: [Configured with: ./configure --prefix=/home/hadoop/zzy/local/gcc-11.5.0 --disable-multilib --enable-checking=release]
  ignore line: [Thread model: posix]
  ignore line: [Supported LTO compression algorithms: zlib]
  ignore line: [gcc version 11.5.0 (GCC) ]
  ignore line: [COMPILER_PATH=/home/hadoop/zzy/local/gcc-11.5.0/libexec/gcc/x86_64-pc-linux-gnu/11.5.0/:/home/hadoop/zzy/local/gcc-11.5.0/libexec/gcc/x86_64-pc-linux-gnu/11.5.0/:/home/hadoop/zzy/local/gcc-11.5.0/libexec/gcc/x86_64-pc-linux-gnu/:/home/hadoop/zzy/local/gcc-11.5.0/lib/gcc/x86_64-pc-linux-gnu/11.5.0/:/home/hadoop/zzy/local/gcc-11.5.0/lib/gcc/x86_64-pc-linux-gnu/]
  ignore line: [LIBRARY_PATH=/home/hadoop/zzy/local/gcc-11.5.0/lib/../lib64/:/home/hadoop/zzy/local/gcc-11.5.0/lib/gcc/x86_64-pc-linux-gnu/11.5.0/:/home/hadoop/zzy/local/gcc-11.5.0/lib/gcc/x86_64-pc-linux-gnu/11.5.0/../../../../lib64/:/lib/../lib64/:/usr/lib/../lib64/:/home/hadoop/zzy/local/gcc-11.5.0/lib/:./:/home/hadoop/zzy/local/gcc-11.5.0/lib/gcc/x86_64-pc-linux-gnu/11.5.0/../../../:/lib/:/usr/lib/]
  ignore line: [COLLECT_GCC_OPTIONS='-v' '-o' 'cmTC_a0c21' '-mtune=generic' '-march=x86-64' '-dumpdir' 'cmTC_a0c21.']
  link line: [ /home/hadoop/zzy/local/gcc-11.5.0/libexec/gcc/x86_64-pc-linux-gnu/11.5.0/collect2 -plugin /home/hadoop/zzy/local/gcc-11.5.0/libexec/gcc/x86_64-pc-linux-gnu/11.5.0/liblto_plugin.so -plugin-opt=/home/hadoop/zzy/local/gcc-11.5.0/libexec/gcc/x86_64-pc-linux-gnu/11.5.0/lto-wrapper -plugin-opt=-fresolution=/tmp/ccZtOERD.res -plugin-opt=-pass-through=-lgcc -plugin-opt=-pass-through=-lgcc_s -plugin-opt=-pass-through=-lc -plugin-opt=-pass-through=-lgcc -plugin-opt=-pass-through=-lgcc_s --eh-frame-hdr -m elf_x86_64 -dynamic-linker /lib64/ld-linux-x86-64.so.2 -o cmTC_a0c21 /lib/../lib64/crt1.o /lib/../lib64/crti.o /home/hadoop/zzy/local/gcc-11.5.0/lib/gcc/x86_64-pc-linux-gnu/11.5.0/crtbegin.o -L/home/hadoop/zzy/local/gcc-11.5.0/lib/../lib64 -L/home/hadoop/zzy/local/gcc-11.5.0/lib/gcc/x86_64-pc-linux-gnu/11.5.0 -L/home/hadoop/zzy/local/gcc-11.5.0/lib/gcc/x86_64-pc-linux-gnu/11.5.0/../../../../lib64 -L/lib/../lib64 -L/usr/lib/../lib64 -L/home/hadoop/zzy/local/gcc-11.5.0/lib -L. -L/home/hadoop/zzy/local/gcc-11.5.0/lib/gcc/x86_64-pc-linux-gnu/11.5.0/../../.. CMakeFiles/cmTC_a0c21.dir/CMakeCCompilerABI.c.o -lgcc --as-needed -lgcc_s --no-as-needed -lc -lgcc --as-needed -lgcc_s --no-as-needed /home/hadoop/zzy/local/gcc-11.5.0/lib/gcc/x86_64-pc-linux-gnu/11.5.0/crtend.o /lib/../lib64/crtn.o]
    arg [/home/hadoop/zzy/local/gcc-11.5.0/libexec/gcc/x86_64-pc-linux-gnu/11.5.0/collect2] ==> ignore
    arg [-plugin] ==> ignore
    arg [/home/hadoop/zzy/local/gcc-11.5.0/libexec/gcc/x86_64-pc-linux-gnu/11.5.0/liblto_plugin.so] ==> ignore
    arg [-plugin-opt=/home/hadoop/zzy/local/gcc-11.5.0/libexec/gcc/x86_64-pc-linux-gnu/11.5.0/lto-wrapper] ==> ignore
    arg [-plugin-opt=-fresolution=/tmp/ccZtOERD.res] ==> ignore
    arg [-plugin-opt=-pass-through=-lgcc] ==> ignore
    arg [-plugin-opt=-pass-through=-lgcc_s] ==> ignore
    arg [-plugin-opt=-pass-through=-lc] ==> ignore
    arg [-plugin-opt=-pass-through=-lgcc] ==> ignore
    arg [-plugin-opt=-pass-through=-lgcc_s] ==> ignore
    arg [--eh-frame-hdr] ==> ignore
    arg [-m] ==> ignore
    arg [elf_x86_64] ==> ignore
    arg [-dynamic-linker] ==> ignore
    arg [/lib64/ld-linux-x86-64.so.2] ==> ignore
    arg [-o] ==> ignore
    arg [cmTC_a0c21] ==> ignore
    arg [/lib/../lib64/crt1.o] ==> obj [/lib/../lib64/crt1.o]
    arg [/lib/../lib64/crti.o] ==> obj [/lib/../lib64/crti.o]
    arg [/home/hadoop/zzy/local/gcc-11.5.0/lib/gcc/x86_64-pc-linux-gnu/11.5.0/crtbegin.o] ==> obj [/home/hadoop/zzy/local/gcc-11.5.0/lib/gcc/x86_64-pc-linux-gnu/11.5.0/crtbegin.o]
    arg [-L/home/hadoop/zzy/local/gcc-11.5.0/lib/../lib64] ==> dir [/home/hadoop/zzy/local/gcc-11.5.0/lib/../lib64]
    arg [-L/home/hadoop/zzy/local/gcc-11.5.0/lib/gcc/x86_64-pc-linux-gnu/11.5.0] ==> dir [/home/hadoop/zzy/local/gcc-11.5.0/lib/gcc/x86_64-pc-linux-gnu/11.5.0]
    arg [-L/home/hadoop/zzy/local/gcc-11.5.0/lib/gcc/x86_64-pc-linux-gnu/11.5.0/../../../../lib64] ==> dir [/home/hadoop/zzy/local/gcc-11.5.0/lib/gcc/x86_64-pc-linux-gnu/11.5.0/../../../../lib64]
    arg [-L/lib/../lib64] ==> dir [/lib/../lib64]
    arg [-L/usr/lib/../lib64] ==> dir [/usr/lib/../lib64]
    arg [-L/home/hadoop/zzy/local/gcc-11.5.0/lib] ==> dir [/home/hadoop/zzy/local/gcc-11.5.0/lib]
    arg [-L.] ==> ignore
    arg [-L/home/hadoop/zzy/local/gcc-11.5.0/lib/gcc/x86_64-pc-linux-gnu/11.5.0/../../..] ==> dir [/home/hadoop/zzy/local/gcc-11.5.0/lib/gcc/x86_64-pc-linux-gnu/11.5.0/../../..]
    arg [CMakeFiles/cmTC_a0c21.dir/CMakeCCompilerABI.c.o] ==> ignore
    arg [-lgcc] ==> lib [gcc]
    arg [--as-needed] ==> ignore
    arg [-lgcc_s] ==> lib [gcc_s]
    arg [--no-as-needed] ==> ignore
    arg [-lc] ==> lib [c]
    arg [-lgcc] ==> lib [gcc]
    arg [--as-needed] ==> ignore
    arg [-lgcc_s] ==> lib [gcc_s]
    arg [--no-as-needed] ==> ignore
    arg [/home/hadoop/zzy/local/gcc-11.5.0/lib/gcc/x86_64-pc-linux-gnu/11.5.0/crtend.o] ==> obj [/home/hadoop/zzy/local/gcc-11.5.0/lib/gcc/x86_64-pc-linux-gnu/11.5.0/crtend.o]
    arg [/lib/../lib64/crtn.o] ==> obj [/lib/../lib64/crtn.o]
  collapse obj [/lib/../lib64/crt1.o] ==> [/lib64/crt1.o]
  collapse obj [/lib/../lib64/crti.o] ==> [/lib64/crti.o]
  collapse obj [/lib/../lib64/crtn.o] ==> [/lib64/crtn.o]
  collapse library dir [/home/hadoop/zzy/local/gcc-11.5.0/lib/../lib64] ==> [/home/hadoop/zzy/local/gcc-11.5.0/lib64]
  collapse library dir [/home/hadoop/zzy/local/gcc-11.5.0/lib/gcc/x86_64-pc-linux-gnu/11.5.0] ==> [/home/hadoop/zzy/local/gcc-11.5.0/lib/gcc/x86_64-pc-linux-gnu/11.5.0]
  collapse library dir [/home/hadoop/zzy/local/gcc-11.5.0/lib/gcc/x86_64-pc-linux-gnu/11.5.0/../../../../lib64] ==> [/home/hadoop/zzy/local/gcc-11.5.0/lib64]
  collapse library dir [/lib/../lib64] ==> [/lib64]
  collapse library dir [/usr/lib/../lib64] ==> [/usr/lib64]
  collapse library dir [/home/hadoop/zzy/local/gcc-11.5.0/lib] ==> [/home/hadoop/zzy/local/gcc-11.5.0/lib]
  collapse library dir [/home/hadoop/zzy/local/gcc-11.5.0/lib/gcc/x86_64-pc-linux-gnu/11.5.0/../../..] ==> [/home/hadoop/zzy/local/gcc-11.5.0/lib]
  implicit libs: [gcc;gcc_s;c;gcc;gcc_s]
  implicit objs: [/lib64/crt1.o;/lib64/crti.o;/home/hadoop/zzy/local/gcc-11.5.0/lib/gcc/x86_64-pc-linux-gnu/11.5.0/crtbegin.o;/home/hadoop/zzy/local/gcc-11.5.0/lib/gcc/x86_64-pc-linux-gnu/11.5.0/crtend.o;/lib64/crtn.o]
  implicit dirs: [/home/hadoop/zzy/local/gcc-11.5.0/lib64;/home/hadoop/zzy/local/gcc-11.5.0/lib/gcc/x86_64-pc-linux-gnu/11.5.0;/lib64;/usr/lib64;/home/hadoop/zzy/local/gcc-11.5.0/lib]
  implicit fwks: []


Detecting CXX compiler ABI info compiled with the following output:
Change Dir: /home/hadoop/zzy/ec_prototype-master/project/build/CMakeFiles/CMakeTmp

Run Build Command(s):/usr/bin/gmake -f Makefile cmTC_6e458/fast && /usr/bin/gmake  -f CMakeFiles/cmTC_6e458.dir/build.make CMakeFiles/cmTC_6e458.dir/build
gmake[1]: Entering directory `/home/hadoop/zzy/ec_prototype-master/project/build/CMakeFiles/CMakeTmp'
Building CXX object CMakeFiles/cmTC_6e458.dir/CMakeCXXCompilerABI.cpp.o
/home/hadoop/zzy/local/gcc-11.5.0/bin/g++   -v -o CMakeFiles/cmTC_6e458.dir/CMakeCXXCompilerABI.cpp.o -c /usr/local/share/cmake-3.24/Modules/CMakeCXXCompilerABI.cpp
Using built-in specs.
COLLECT_GCC=/home/hadoop/zzy/local/gcc-11.5.0/bin/g++
Target: x86_64-pc-linux-gnu
Configured with: ./configure --prefix=/home/hadoop/zzy/local/gcc-11.5.0 --disable-multilib --enable-checking=release
Thread model: posix
Supported LTO compression algorithms: zlib
gcc version 11.5.0 (GCC) 
COLLECT_GCC_OPTIONS='-v' '-o' 'CMakeFiles/cmTC_6e458.dir/CMakeCXXCompilerABI.cpp.o' '-c' '-shared-libgcc' '-mtune=generic' '-march=x86-64' '-dumpdir' 'CMakeFiles/cmTC_6e458.dir/'
 /home/hadoop/zzy/local/gcc-11.5.0/libexec/gcc/x86_64-pc-linux-gnu/11.5.0/cc1plus -quiet -v -D_GNU_SOURCE /usr/local/share/cmake-3.24/Modules/CMakeCXXCompilerABI.cpp -quiet -dumpdir CMakeFiles/cmTC_6e458.dir/ -dumpbase CMakeCXXCompilerABI.cpp.cpp -dumpbase-ext .cpp -mtune=generic -march=x86-64 -version -o /tmp/cc8RYleL.s
GNU C++17 (GCC) version 11.5.0 (x86_64-pc-linux-gnu)
	compiled by GNU C version 11.5.0, GMP version 6.1.0, MPFR version 3.1.6, MPC version 1.0.3, isl version isl-0.18-GMP

GGC heuristics: --param ggc-min-expand=100 --param ggc-min-heapsize=131072
ignoring nonexistent directory "/home/hadoop/zzy/local/gcc-11.5.0/lib/gcc/x86_64-pc-linux-gnu/11.5.0/../../../../x86_64-pc-linux-gnu/include"
#include "..." search starts here:
#include <...> search starts here:
 /home/hadoop/zzy/local/gcc-11.5.0/lib/gcc/x86_64-pc-linux-gnu/11.5.0/../../../../include/c++/11.5.0
 /home/hadoop/zzy/local/gcc-11.5.0/lib/gcc/x86_64-pc-linux-gnu/11.5.0/../../../../include/c++/11.5.0/x86_64-pc-linux-gnu
 /home/hadoop/zzy/local/gcc-11.5.0/lib/gcc/x86_64-pc-linux-gnu/11.5.0/../../../../include/c++/11.5.0/backward
 /home/hadoop/zzy/local/gcc-11.5.0/lib/gcc/x86_64-pc-linux-gnu/11.5.0/include
 /usr/local/include
 /home/hadoop/zzy/local/gcc-11.5.0/include
 /home/hadoop/zzy/local/gcc-11.5.0/lib/gcc/x86_64-pc-linux-gnu/11.5.0/include-fixed
 /usr/include
End of search list.
GNU C++17 (GCC) version 11.5.0 (x86_64-pc-linux-gnu)
	compiled by GNU C version 11.5.0, GMP version 6.1.0, MPFR version 3.1.6, MPC version 1.0.3, isl version isl-0.18-GMP

GGC heuristics: --param ggc-min-expand=100 --param ggc-min-heapsize=131072
Compiler executable checksum: 0cfb853817aa0d86c4ba98b003723df1
COLLECT_GCC_OPTIONS='-v' '-o' 'CMakeFiles/cmTC_6e458.dir/CMakeCXXCompilerABI.cpp.o' '-c' '-shared-libgcc' '-mtune=generic' '-march=x86-64' '-dumpdir' 'CMakeFiles/cmTC_6e458.dir/'
 as -v --64 -o CMakeFiles/cmTC_6e458.dir/CMakeCXXCompilerABI.cpp.o /tmp/cc8RYleL.s
GNU assembler version 2.27 (x86_64-redhat-linux) using BFD version version 2.27-44.base.el7_9.1
COMPILER_PATH=/home/hadoop/zzy/local/gcc-11.5.0/libexec/gcc/x86_64-pc-linux-gnu/11.5.0/:/home/hadoop/zzy/local/gcc-11.5.0/libexec/gcc/x86_64-pc-linux-gnu/11.5.0/:/home/hadoop/zzy/local/gcc-11.5.0/libexec/gcc/x86_64-pc-linux-gnu/:/home/hadoop/zzy/local/gcc-11.5.0/lib/gcc/x86_64-pc-linux-gnu/11.5.0/:/home/hadoop/zzy/local/gcc-11.5.0/lib/gcc/x86_64-pc-linux-gnu/
LIBRARY_PATH=/home/hadoop/zzy/local/gcc-11.5.0/lib/../lib64/:/home/hadoop/zzy/local/gcc-11.5.0/lib/gcc/x86_64-pc-linux-gnu/11.5.0/:/home/hadoop/zzy/local/gcc-11.5.0/lib/gcc/x86_64-pc-linux-gnu/11.5.0/../../../../lib64/:/lib/../lib64/:/usr/lib/../lib64/:/home/hadoop/zzy/local/gcc-11.5.0/lib/:./:/home/hadoop/zzy/local/gcc-11.5.0/lib/gcc/x86_64-pc-linux-gnu/11.5.0/../../../:/lib/:/usr/lib/
COLLECT_GCC_OPTIONS='-v' '-o' 'CMakeFiles/cmTC_6e458.dir/CMakeCXXCompilerABI.cpp.o' '-c' '-shared-libgcc' '-mtune=generic' '-march=x86-64' '-dumpdir' 'CMakeFiles/cmTC_6e458.dir/CMakeCXXCompilerABI.cpp.'
Linking CXX executable cmTC_6e458
/usr/local/bin/cmake -E cmake_link_script CMakeFiles/cmTC_6e458.dir/link.txt --verbose=1
/home/hadoop/zzy/local/gcc-11.5.0/bin/g++  -v CMakeFiles/cmTC_6e458.dir/CMakeCXXCompilerABI.cpp.o -o cmTC_6e458 
Using built-in specs.
COLLECT_GCC=/home/hadoop/zzy/local/gcc-11.5.0/bin/g++
COLLECT_LTO_WRAPPER=/home/hadoop/zzy/local/gcc-11.5.0/libexec/gcc/x86_64-pc-linux-gnu/11.5.0/lto-wrapper
Target: x86_64-pc-linux-gnu
Configured with: ./configure --prefix=/home/hadoop/zzy/local/gcc-11.5.0 --disable-multilib --enable-checking=release
Thread model: posix
Supported LTO compression algorithms: zlib
gcc version 11.5.0 (GCC) 
COMPILER_PATH=/home/hadoop/zzy/local/gcc-11.5.0/libexec/gcc/x86_64-pc-linux-gnu/11.5.0/:/home/hadoop/zzy/local/gcc-11.5.0/libexec/gcc/x86_64-pc-linux-gnu/11.5.0/:/home/hadoop/zzy/local/gcc-11.5.0/libexec/gcc/x86_64-pc-linux-gnu/:/home/hadoop/zzy/local/gcc-11.5.0/lib/gcc/x86_64-pc-linux-gnu/11.5.0/:/home/hadoop/zzy/local/gcc-11.5.0/lib/gcc/x86_64-pc-linux-gnu/
LIBRARY_PATH=/home/hadoop/zzy/local/gcc-11.5.0/lib/../lib64/:/home/hadoop/zzy/local/gcc-11.5.0/lib/gcc/x86_64-pc-linux-gnu/11.5.0/:/home/hadoop/zzy/local/gcc-11.5.0/lib/gcc/x86_64-pc-linux-gnu/11.5.0/../../../../lib64/:/lib/../lib64/:/usr/lib/../lib64/:/home/hadoop/zzy/local/gcc-11.5.0/lib/:./:/home/hadoop/zzy/local/gcc-11.5.0/lib/gcc/x86_64-pc-linux-gnu/11.5.0/../../../:/lib/:/usr/lib/
COLLECT_GCC_OPTIONS='-v' '-o' 'cmTC_6e458' '-shared-libgcc' '-mtune=generic' '-march=x86-64' '-dumpdir' 'cmTC_6e458.'
 /home/hadoop/zzy/local/gcc-11.5.0/libexec/gcc/x86_64-pc-linux-gnu/11.5.0/collect2 -plugin /home/hadoop/zzy/local/gcc-11.5.0/libexec/gcc/x86_64-pc-linux-gnu/11.5.0/liblto_plugin.so -plugin-opt=/home/hadoop/zzy/local/gcc-11.5.0/libexec/gcc/x86_64-pc-linux-gnu/11.5.0/lto-wrapper -plugin-opt=-fresolution=/tmp/ccjKlckQ.res -plugin-opt=-pass-through=-lgcc_s -plugin-opt=-pass-through=-lgcc -plugin-opt=-pass-through=-lc -plugin-opt=-pass-through=-lgcc_s -plugin-opt=-pass-through=-lgcc --eh-frame-hdr -m elf_x86_64 -dynamic-linker /lib64/ld-linux-x86-64.so.2 -o cmTC_6e458 /lib/../lib64/crt1.o /lib/../lib64/crti.o /home/hadoop/zzy/local/gcc-11.5.0/lib/gcc/x86_64-pc-linux-gnu/11.5.0/crtbegin.o -L/home/hadoop/zzy/local/gcc-11.5.0/lib/../lib64 -L/home/hadoop/zzy/local/gcc-11.5.0/lib/gcc/x86_64-pc-linux-gnu/11.5.0 -L/home/hadoop/zzy/local/gcc-11.5.0/lib/gcc/x86_64-pc-linux-gnu/11.5.0/../../../../lib64 -L/lib/../lib64 -L/usr/lib/../lib64 -L/home/hadoop/zzy/local/gcc-11.5.0/lib -L. -L/home/hadoop/zzy/local/gcc-11.5.0/lib/gcc/x86_64-pc-linux-gnu/11.5.0/../../.. CMakeFiles/cmTC_6e458.dir/CMakeCXXCompilerABI.cpp.o -lstdc++ -lm -lgcc_s -lgcc -lc -lgcc_s -lgcc /home/hadoop/zzy/local/gcc-11.5.0/lib/gcc/x86_64-pc-linux-gnu/11.5.0/crtend.o /lib/../lib64/crtn.o
COLLECT_GCC_OPTIONS='-v' '-o' 'cmTC_6e458' '-shared-libgcc' '-mtune=generic' '-march=x86-64' '-dumpdir' 'cmTC_6e458.'
gmake[1]: Leaving directory `/home/hadoop/zzy/ec_prototype-master/project/build/CMakeFiles/CMakeTmp'



Parsed CXX implicit include dir info from above output: rv=done
  found start of include info
  found start of implicit include info
    add: [/home/hadoop/zzy/local/gcc-11.5.0/lib/gcc/x86_64-pc-linux-gnu/11.5.0/../../../../include/c++/11.5.0]
    add: [/home/hadoop/zzy/local/gcc-11.5.0/lib/gcc/x86_64-pc-linux-gnu/11.5.0/../../../../include/c++/11.5.0/x86_64-pc-linux-gnu]
    add: [/home/hadoop/zzy/local/gcc-11.5.0/lib/gcc/x86_64-pc-linux-gnu/11.5.0/../../../../include/c++/11.5.0/backward]
    add: [/home/hadoop/zzy/local/gcc-11.5.0/lib/gcc/x86_64-pc-linux-gnu/11.5.0/include]
    add: [/usr/local/include]
    add: [/home/hadoop/zzy/local/gcc-11.5.0/include]
    add: [/home/hadoop/zzy/local/gcc-11.5.0/lib/gcc/x86_64-pc-linux-gnu/11.5.0/include-fixed]
    add: [/usr/include]
  end of search list found
  collapse include dir [/home/hadoop/zzy/local/gcc-11.5.0/lib/gcc/x86_64-pc-linux-gnu/11.5.0/../../../../include/c++/11.5.0] ==> [/home/hadoop/zzy/local/gcc-11.5.0/include/c++/11.5.0]
  collapse include dir [/home/hadoop/zzy/local/gcc-11.5.0/lib/gcc/x86_64-pc-linux-gnu/11.5.0/../../../../include/c++/11.5.0/x86_64-pc-linux-gnu] ==> [/home/hadoop/zzy/local/gcc-11.5.0/include/c++/11.5.0/x86_64-pc-linux-gnu]
  collapse include dir [/home/hadoop/zzy/local/gcc-11.5.0/lib/gcc/x86_64-pc-linux-gnu/11.5.0/../../../../include/c++/11.5.0/backward] ==> [/home/hadoop/zzy/local/gcc-11.5.0/include/c++/11.5.0/backward]
  collapse include dir [/home/hadoop/zzy/local/gcc-11.5.0/lib/gcc/x86_64-pc-linux-gnu/11.5.0/include] ==> [/home/hadoop/zzy/local/gcc-11.5.0/lib/gcc/x86_64-pc-linux-gnu/11.5.0/include]
  collapse include dir [/usr/local/include] ==> [/usr/local/include]
  collapse include dir [/home/hadoop/zzy/local/gcc-11.5.0/include] ==> [/home/hadoop/zzy/local/gcc-11.5.0/include]
  collapse include dir [/home/hadoop/zzy/local/gcc-11.5.0/lib/gcc/x86_64-pc-linux-gnu/11.5.0/include-fixed] ==> [/home/hadoop/zzy/local/gcc-11.5.0/lib/gcc/x86_64-pc-linux-gnu/11.5.0/include-fixed]
  collapse include dir [/usr/include] ==> [/usr/include]
  implicit include dirs: [/home/hadoop/zzy/local/gcc-11.5.0/include/c++/11.5.0;/home/hadoop/zzy/local/gcc-11.5.0/include/c++/11.5.0/x86_64-pc-linux-gnu;/home/hadoop/zzy/local/gcc-11.5.0/include/c++/11.5.0/backward;/home/hadoop/zzy/local/gcc-11.5.0/lib/gcc/x86_64-pc-linux-gnu/11.5.0/include;/usr/local/include;/home/hadoop/zzy/local/gcc-11.5.0/include;/home/hadoop/zzy/local/gcc-11.5.0/lib/gcc/x86_64-pc-linux-gnu/11.5.0/include-fixed;/usr/include]


Parsed CXX implicit link information from above output:
  link line regex: [^( *|.*[/\])(ld|CMAKE_LINK_STARTFILE-NOTFOUND|([^/\]+-)?ld|collect2)[^/\]*( |$)]
  ignore line: [Change Dir: /home/hadoop/zzy/ec_prototype-master/project/build/CMakeFiles/CMakeTmp]
  ignore line: []
  ignore line: [Run Build Command(s):/usr/bin/gmake -f Makefile cmTC_6e458/fast && /usr/bin/gmake  -f CMakeFiles/cmTC_6e458.dir/build.make CMakeFiles/cmTC_6e458.dir/build]
  ignore line: [gmake[1]: Entering directory `/home/hadoop/zzy/ec_prototype-master/project/build/CMakeFiles/CMakeTmp']
  ignore line: [Building CXX object CMakeFiles/cmTC_6e458.dir/CMakeCXXCompilerABI.cpp.o]
  ignore line: [/home/hadoop/zzy/local/gcc-11.5.0/bin/g++   -v -o CMakeFiles/cmTC_6e458.dir/CMakeCXXCompilerABI.cpp.o -c /usr/local/share/cmake-3.24/Modules/CMakeCXXCompilerABI.cpp]
  ignore line: [Using built-in specs.]
  ignore line: [COLLECT_GCC=/home/hadoop/zzy/local/gcc-11.5.0/bin/g++]
  ignore line: [Target: x86_64-pc-linux-gnu]
  ignore line: [Configured with: ./configure --prefix=/home/hadoop/zzy/local/gcc-11.5.0 --disable-multilib --enable-checking=release]
  ignore line: [Thread model: posix]
  ignore line: [Supported LTO compression algorithms: zlib]
  ignore line: [gcc version 11.5.0 (GCC) ]
  ignore line: [COLLECT_GCC_OPTIONS='-v' '-o' 'CMakeFiles/cmTC_6e458.dir/CMakeCXXCompilerABI.cpp.o' '-c' '-shared-libgcc' '-mtune=generic' '-march=x86-64' '-dumpdir' 'CMakeFiles/cmTC_6e458.dir/']
  ignore line: [ /home/hadoop/zzy/local/gcc-11.5.0/libexec/gcc/x86_64-pc-linux-gnu/11.5.0/cc1plus -quiet -v -D_GNU_SOURCE /usr/local/share/cmake-3.24/Modules/CMakeCXXCompilerABI.cpp -quiet -dumpdir CMakeFiles/cmTC_6e458.dir/ -dumpbase CMakeCXXCompilerABI.cpp.cpp -dumpbase-ext .cpp -mtune=generic -march=x86-64 -version -o /tmp/cc8RYleL.s]
  ignore line: [GNU C++17 (GCC) version 11.5.0 (x86_64-pc-linux-gnu)]
  ignore line: [	compiled by GNU C version 11.5.0  GMP version 6.1.0  MPFR version 3.1.6  MPC version 1.0.3  isl version isl-0.18-GMP]
  ignore line: []
  ignore line: [GGC heuristics: --param ggc-min-expand=100 --param ggc-min-heapsize=131072]
  ignore line: [ignoring nonexistent directory "/home/hadoop/zzy/local/gcc-11.5.0/lib/gcc/x86_64-pc-linux-gnu/11.5.0/../../../../x86_64-pc-linux-gnu/include"]
  ignore line: [#include "..." search starts here:]
  ignore line: [#include <...> search starts here:]
  ignore line: [ /home/hadoop/zzy/local/gcc-11.5.0/lib/gcc/x86_64-pc-linux-gnu/11.5.0/../../../../include/c++/11.5.0]
  ignore line: [ /home/hadoop/zzy/local/gcc-11.5.0/lib/gcc/x86_64-pc-linux-gnu/11.5.0/../../../../include/c++/11.5.0/x86_64-pc-linux-gnu]
  ignore line: [ /home/hadoop/zzy/local/gcc-11.5.0/lib/gcc/x86_64-pc-linux-gnu/11.5.0/../../../../include/c++/11.5.0/backward]
  ignore line: [ /home/hadoop/zzy/local/gcc-11.5.0/lib/gcc/x86_64-pc-linux-gnu/11.5.0/include]
  ignore line: [ /usr/local/include]
  ignore line: [ /home/hadoop/zzy/local/gcc-11.5.0/include]
  ignore line: [ /home/hadoop/zzy/local/gcc-11.5.0/lib/gcc/x86_64-pc-linux-gnu/11.5.0/include-fixed]
  ignore line: [ /usr/include]
  ignore line: [End of search list.]
  ignore line: [GNU C++17 (GCC) version 11.5.0 (x86_64-pc-linux-gnu)]
  ignore line: [	compiled by GNU C version 11.5.0  GMP version 6.1.0  MPFR version 3.1.6  MPC version 1.0.3  isl version isl-0.18-GMP]
  ignore line: []
  ignore line: [GGC heuristics: --param ggc-min-expand=100 --param ggc-min-heapsize=131072]
  ignore line: [Compiler executable checksum: 0cfb853817aa0d86c4ba98b003723df1]
  ignore line: [COLLECT_GCC_OPTIONS='-v' '-o' 'CMakeFiles/cmTC_6e458.dir/CMakeCXXCompilerABI.cpp.o' '-c' '-shared-libgcc' '-mtune=generic' '-march=x86-64' '-dumpdir' 'CMakeFiles/cmTC_6e458.dir/']
  ignore line: [ as -v --64 -o CMakeFiles/cmTC_6e458.dir/CMakeCXXCompilerABI.cpp.o /tmp/cc8RYleL.s]
  ignore line: [GNU assembler version 2.27 (x86_64-redhat-linux) using BFD version version 2.27-44.base.el7_9.1]
  ignore line: [COMPILER_PATH=/home/hadoop/zzy/local/gcc-11.5.0/libexec/gcc/x86_64-pc-linux-gnu/11.5.0/:/home/hadoop/zzy/local/gcc-11.5.0/libexec/gcc/x86_64-pc-linux-gnu/11.5.0/:/home/hadoop/zzy/local/gcc-11.5.0/libexec/gcc/x86_64-pc-linux-gnu/:/home/hadoop/zzy/local/gcc-11.5.0/lib/gcc/x86_64-pc-linux-gnu/11.5.0/:/home/hadoop/zzy/local/gcc-11.5.0/lib/gcc/x86_64-pc-linux-gnu/]
  ignore line: [LIBRARY_PATH=/home/hadoop/zzy/local/gcc-11.5.0/lib/../lib64/:/home/hadoop/zzy/local/gcc-11.5.0/lib/gcc/x86_64-pc-linux-gnu/11.5.0/:/home/hadoop/zzy/local/gcc-11.5.0/lib/gcc/x86_64-pc-linux-gnu/11.5.0/../../../../lib64/:/lib/../lib64/:/usr/lib/../lib64/:/home/hadoop/zzy/local/gcc-11.5.0/lib/:./:/home/hadoop/zzy/local/gcc-11.5.0/lib/gcc/x86_64-pc-linux-gnu/11.5.0/../../../:/lib/:/usr/lib/]
  ignore line: [COLLECT_GCC_OPTIONS='-v' '-o' 'CMakeFiles/cmTC_6e458.dir/CMakeCXXCompilerABI.cpp.o' '-c' '-shared-libgcc' '-mtune=generic' '-march=x86-64' '-dumpdir' 'CMakeFiles/cmTC_6e458.dir/CMakeCXXCompilerABI.cpp.']
  ignore line: [Linking CXX executable cmTC_6e458]
  ignore line: [/usr/local/bin/cmake -E cmake_link_script CMakeFiles/cmTC_6e458.dir/link.txt --verbose=1]
  ignore line: [/home/hadoop/zzy/local/gcc-11.5.0/bin/g++  -v CMakeFiles/cmTC_6e458.dir/CMakeCXXCompilerABI.cpp.o -o cmTC_6e458 ]
  ignore line: [Using built-in specs.]
  ignore line: [COLLECT_GCC=/home/hadoop/zzy/local/gcc-11.5.0/bin/g++]
  ignore line: [COLLECT_LTO_WRAPPER=/home/hadoop/zzy/local/gcc-11.5.0/libexec/gcc/x86_64-pc-linux-gnu/11.5.0/lto-wrapper]
  ignore line: [Target: x86_64-pc-linux-gnu]
  ignore line: [Configured with: ./configure --prefix=/home/hadoop/zzy/local/gcc-11.5.0 --disable-multilib --enable-checking=release]
  ignore line: [Thread model: posix]
  ignore line: [Supported LTO compression algorithms: zlib]
  ignore line: [gcc version 11.5.0 (GCC) ]
  ignore line: [COMPILER_PATH=/home/hadoop/zzy/local/gcc-11.5.0/libexec/gcc/x86_64-pc-linux-gnu/11.5.0/:/home/hadoop/zzy/local/gcc-11.5.0/libexec/gcc/x86_64-pc-linux-gnu/11.5.0/:/home/hadoop/zzy/local/gcc-11.5.0/libexec/gcc/x86_64-pc-linux-gnu/:/home/hadoop/zzy/local/gcc-11.5.0/lib/gcc/x86_64-pc-linux-gnu/11.5.0/:/home/hadoop/zzy/local/gcc-11.5.0/lib/gcc/x86_64-pc-linux-gnu/]
  ignore line: [LIBRARY_PATH=/home/hadoop/zzy/local/gcc-11.5.0/lib/../lib64/:/home/hadoop/zzy/local/gcc-11.5.0/lib/gcc/x86_64-pc-linux-gnu/11.5.0/:/home/hadoop/zzy/local/gcc-11.5.0/lib/gcc/x86_64-pc-linux-gnu/11.5.0/../../../../lib64/:/lib/../lib64/:/usr/lib/../lib64/:/home/hadoop/zzy/local/gcc-11.5.0/lib/:./:/home/hadoop/zzy/local/gcc-11.5.0/lib/gcc/x86_64-pc-linux-gnu/11.5.0/../../../:/lib/:/usr/lib/]
  ignore line: [COLLECT_GCC_OPTIONS='-v' '-o' 'cmTC_6e458' '-shared-libgcc' '-mtune=generic' '-march=x86-64' '-dumpdir' 'cmTC_6e458.']
  link line: [ /home/hadoop/zzy/local/gcc-11.5.0/libexec/gcc/x86_64-pc-linux-gnu/11.5.0/collect2 -plugin /home/hadoop/zzy/local/gcc-11.5.0/libexec/gcc/x86_64-pc-linux-gnu/11.5.0/liblto_plugin.so -plugin-opt=/home/hadoop/zzy/local/gcc-11.5.0/libexec/gcc/x86_64-pc-linux-gnu/11.5.0/lto-wrapper -plugin-opt=-fresolution=/tmp/ccjKlckQ.res -plugin-opt=-pass-through=-lgcc_s -plugin-opt=-pass-through=-lgcc -plugin-opt=-pass-through=-lc -plugin-opt=-pass-through=-lgcc_s -plugin-opt=-pass-through=-lgcc --eh-frame-hdr -m elf_x86_64 -dynamic-linker /lib64/ld-linux-x86-64.so.2 -o cmTC_6e458 /lib/../lib64/crt1.o /lib/../lib64/crti.o /home/hadoop/zzy/local/gcc-11.5.0/lib/gcc/x86_64-pc-linux-gnu/11.5.0/crtbegin.o -L/home/hadoop/zzy/local/gcc-11.5.0/lib/../lib64 -L/home/hadoop/zzy/local/gcc-11.5.0/lib/gcc/x86_64-pc-linux-gnu/11.5.0 -L/home/hadoop/zzy/local/gcc-11.5.0/lib/gcc/x86_64-pc-linux-gnu/11.5.0/../../../../lib64 -L/lib/../lib64 -L/usr/lib/../lib64 -L/home/hadoop/zzy/local/gcc-11.5.0/lib -L. -L/home/hadoop/zzy/local/gcc-11.5.0/lib/gcc/x86_64-pc-linux-gnu/11.5.0/../../.. CMakeFiles/cmTC_6e458.dir/CMakeCXXCompilerABI.cpp.o -lstdc++ -lm -lgcc_s -lgcc -lc -lgcc_s -lgcc /home/hadoop/zzy/local/gcc-11.5.0/lib/gcc/x86_64-pc-linux-gnu/11.5.0/crtend.o /lib/../lib64/crtn.o]
    arg [/home/hadoop/zzy/local/gcc-11.5.0/libexec/gcc/x86_64-pc-linux-gnu/11.5.0/collect2] ==> ignore
    arg [-plugin] ==> ignore
    arg [/home/hadoop/zzy/local/gcc-11.5.0/libexec/gcc/x86_64-pc-linux-gnu/11.5.0/liblto_plugin.so] ==> ignore
    arg [-plugin-opt=/home/hadoop/zzy/local/gcc-11.5.0/libexec/gcc/x86_64-pc-linux-gnu/11.5.0/lto-wrapper] ==> ignore
    arg [-plugin-opt=-fresolution=/tmp/ccjKlckQ.res] ==> ignore
    arg [-plugin-opt=-pass-through=-lgcc_s] ==> ignore
    arg [-plugin-opt=-pass-through=-lgcc] ==> ignore
    arg [-plugin-opt=-pass-through=-lc] ==> ignore
    arg [-plugin-opt=-pass-through=-lgcc_s] ==> ignore
    arg [-plugin-opt=-pass-through=-lgcc] ==> ignore
    arg [--eh-frame-hdr] ==> ignore
    arg [-m] ==> ignore
    arg [elf_x86_64] ==> ignore
    arg [-dynamic-linker] ==> ignore
    arg [/lib64/ld-linux-x86-64.so.2] ==> ignore
    arg [-o] ==> ignore
    arg [cmTC_6e458] ==> ignore
    arg [/lib/../lib64/crt1.o] ==> obj [/lib/../lib64/crt1.o]
    arg [/lib/../lib64/crti.o] ==> obj [/lib/../lib64/crti.o]
    arg [/home/hadoop/zzy/local/gcc-11.5.0/lib/gcc/x86_64-pc-linux-gnu/11.5.0/crtbegin.o] ==> obj [/home/hadoop/zzy/local/gcc-11.5.0/lib/gcc/x86_64-pc-linux-gnu/11.5.0/crtbegin.o]
    arg [-L/home/hadoop/zzy/local/gcc-11.5.0/lib/../lib64] ==> dir [/home/hadoop/zzy/local/gcc-11.5.0/lib/../lib64]
    arg [-L/home/hadoop/zzy/local/gcc-11.5.0/lib/gcc/x86_64-pc-linux-gnu/11.5.0] ==> dir [/home/hadoop/zzy/local/gcc-11.5.0/lib/gcc/x86_64-pc-linux-gnu/11.5.0]
    arg [-L/home/hadoop/zzy/local/gcc-11.5.0/lib/gcc/x86_64-pc-linux-gnu/11.5.0/../../../../lib64] ==> dir [/home/hadoop/zzy/local/gcc-11.5.0/lib/gcc/x86_64-pc-linux-gnu/11.5.0/../../../../lib64]
    arg [-L/lib/../lib64] ==> dir [/lib/../lib64]
    arg [-L/usr/lib/../lib64] ==> dir [/usr/lib/../lib64]
    arg [-L/home/hadoop/zzy/local/gcc-11.5.0/lib] ==> dir [/home/hadoop/zzy/local/gcc-11.5.0/lib]
    arg [-L.] ==> ignore
    arg [-L/home/hadoop/zzy/local/gcc-11.5.0/lib/gcc/x86_64-pc-linux-gnu/11.5.0/../../..] ==> dir [/home/hadoop/zzy/local/gcc-11.5.0/lib/gcc/x86_64-pc-linux-gnu/11.5.0/../../..]
    arg [CMakeFiles/cmTC_6e458.dir/CMakeCXXCompilerABI.cpp.o] ==> ignore
    arg [-lstdc++] ==> lib [stdc++]
    arg [-lm] ==> lib [m]
    arg [-lgcc_s] ==> lib [gcc_s]
    arg [-lgcc] ==> lib [gcc]
    arg [-lc] ==> lib [c]
    arg [-lgcc_s] ==> lib [gcc_s]
    arg [-lgcc] ==> lib [gcc]
    arg [/home/hadoop/zzy/local/gcc-11.5.0/lib/gcc/x86_64-pc-linux-gnu/11.5.0/crtend.o] ==> obj [/home/hadoop/zzy/local/gcc-11.5.0/lib/gcc/x86_64-pc-linux-gnu/11.5.0/crtend.o]
    arg [/lib/../lib64/crtn.o] ==> obj [/lib/../lib64/crtn.o]
  collapse obj [/lib/../lib64/crt1.o] ==> [/lib64/crt1.o]
  collapse obj [/lib/../lib64/crti.o] ==> [/lib64/crti.o]
  collapse obj [/lib/../lib64/crtn.o] ==> [/lib64/crtn.o]
  collapse library dir [/home/hadoop/zzy/local/gcc-11.5.0/lib/../lib64] ==> [/home/hadoop/zzy/local/gcc-11.5.0/lib64]
  collapse library dir [/home/hadoop/zzy/local/gcc-11.5.0/lib/gcc/x86_64-pc-linux-gnu/11.5.0] ==> [/home/hadoop/zzy/local/gcc-11.5.0/lib/gcc/x86_64-pc-linux-gnu/11.5.0]
  collapse library dir [/home/hadoop/zzy/local/gcc-11.5.0/lib/gcc/x86_64-pc-linux-gnu/11.5.0/../../../../lib64] ==> [/home/hadoop/zzy/local/gcc-11.5.0/lib64]
  collapse library dir [/lib/../lib64] ==> [/lib64]
  collapse library dir [/usr/lib/../lib64] ==> [/usr/lib64]
  collapse library dir [/home/hadoop/zzy/local/gcc-11.5.0/lib] ==> [/home/hadoop/zzy/local/gcc-11.5.0/lib]
  collapse library dir [/home/hadoop/zzy/local/gcc-11.5.0/lib/gcc/x86_64-pc-linux-gnu/11.5.0/../../..] ==> [/home/hadoop/zzy/local/gcc-11.5.0/lib]
  implicit libs: [stdc++;m;gcc_s;gcc;c;gcc_s;gcc]
  implicit objs: [/lib64/crt1.o;/lib64/crti.o;/home/hadoop/zzy/local/gcc-11.5.0/lib/gcc/x86_64-pc-linux-gnu/11.5.0/crtbegin.o;/home/hadoop/zzy/local/gcc-11.5.0/lib/gcc/x86_64-pc-linux-gnu/11.5.0/crtend.o;/lib64/crtn.o]
  implicit dirs: [/home/hadoop/zzy/local/gcc-11.5.0/lib64;/home/hadoop/zzy/local/gcc-11.5.0/lib/gcc/x86_64-pc-linux-gnu/11.5.0;/lib64;/usr/lib64;/home/hadoop/zzy/local/gcc-11.5.0/lib]
  implicit fwks: []


Determining if the function pthread_create exists in the pthread passed with the following output:
Change Dir: /home/hadoop/zzy/ec_prototype-master/project/build/CMakeFiles/CMakeTmp

Run Build Command(s):/usr/bin/gmake -f Makefile cmTC_841c0/fast && /usr/bin/gmake  -f CMakeFiles/cmTC_841c0.dir/build.make CMakeFiles/cmTC_841c0.dir/build
gmake[1]: Entering directory `/home/hadoop/zzy/ec_prototype-master/project/build/CMakeFiles/CMakeTmp'
Building C object CMakeFiles/cmTC_841c0.dir/CheckFunctionExists.c.o
/home/hadoop/zzy/local/gcc-11.5.0/bin/gcc   -DCHECK_FUNCTION_EXISTS=pthread_create -o CMakeFiles/cmTC_841c0.dir/CheckFunctionExists.c.o -c /usr/local/share/cmake-3.24/Modules/CheckFunctionExists.c
Linking C executable cmTC_841c0
/usr/local/bin/cmake -E cmake_link_script CMakeFiles/cmTC_841c0.dir/link.txt --verbose=1
/home/hadoop/zzy/local/gcc-11.5.0/bin/gcc  -DCHECK_FUNCTION_EXISTS=pthread_create  -Wl,--rpath=/home/hadoop/zzy/local/glibc-2.18/lib -Wl,--dynamic-linker=/home/hadoop/zzy/local/glibc-2.18/lib/ld-2.18.so  CMakeFiles/cmTC_841c0.dir/CheckFunctionExists.c.o -o cmTC_841c0  -lpthread 
gmake[1]: Leaving directory `/home/hadoop/zzy/ec_prototype-master/project/build/CMakeFiles/CMakeTmp'



